// Jest Snapshot v1, https://goo.gl/fbAQLP

exports[`renders the component correctly 1`] = `
<div>
  <div
    aria-label="Bookmarked"
    className="filled"
  >
    <svg
      onClick={[Function]}
      onKeyDown={[Function]}
      onMouseEnter={[Function]}
      onMouseLeave={[Function]}
      role="button"
      style={
        Object {
          "color": "rgba(0, 0, 0, 0.87)",
          "display": "inline-block",
          "fill": "currentColor",
          "height": "20px",
          "muiPrepared": true,
          "transition": "all 450ms cubic-bezier(0.23, 1, 0.32, 1) 0ms",
          "userSelect": "none",
          "width": "16px",
        }
      }
      tabIndex="0"
      viewBox="0 0 15 18"
    >
      <path
        d="M11.5,-0.0004 L0.5,-0.0004 C0.224,-0.0004 0,0.2236 0,0.4996 L0,16.4996 C0,16.6996 0.119,16.8806 0.302, 16.9586 C0.488,17.0396 0.699,16.9996 0.844,16.8636 L6,11.9876 L11.156,16.8636 C11.251,16.9526 11.375, 16.9996 11.5,16.9996 C11.566,16.9996 11.634,16.9866 11.698,16.9586 C11.881,16.8806 12,16.6996 12, 16.4996 L12,0.4996 C12,0.2236 11.776,-0.0004 11.5,-0.0004 L11.5,-0.0004 Z"
        fill="#FFF"
      />
    </svg>
  </div>
</div>
`;
